// Jest Snapshot v1, https://goo.gl/fbAQLP

exports[`ResetPasswordForm renders correctly 1`] = `
<ResetPasswordForm
  resetPassword={
    [MockFunction] {
      "calls": Array [
        Array [
          Object {
            "email": "test@example.com",
          },
        ],
      ],
      "results": Array [
        Object {
          "type": "return",
          "value": undefined,
        },
      ],
    }
  }
>
  <form
    onSubmit={[Function]}
  >
    <_default />
    <TextField
      error={false}
      fullWidth={true}
      label="Email"
      margin="normal"
      name="email"
      onBlur={[Function]}
      onChange={[Function]}
      required={false}
      select={false}
      type="email"
      value=""
      variant="standard"
    >
      <WithStyles(FormControl)
        error={false}
        fullWidth={true}
        margin="normal"
        required={false}
        variant="standard"
      >
        <FormControl
          classes={
            Object {
              "fullWidth": "MuiFormControl-fullWidth-4",
              "marginDense": "MuiFormControl-marginDense-3",
              "marginNormal": "MuiFormControl-marginNormal-2",
              "root": "MuiFormControl-root-1",
            }
          }
          component="div"
          disabled={false}
          error={false}
          fullWidth={true}
          margin="normal"
          required={false}
          variant="standard"
        >
          <div
            className="MuiFormControl-root-1 MuiFormControl-marginNormal-2 MuiFormControl-fullWidth-4"
          >
            <WithStyles(WithFormControlContext(InputLabel))>
              <WithFormControlContext(InputLabel)
                classes={
                  Object {
                    "animated": "MuiInputLabel-animated-13",
                    "disabled": "MuiInputLabel-disabled-7",
                    "error": "MuiInputLabel-error-8",
                    "filled": "MuiInputLabel-filled-14",
                    "focused": "MuiInputLabel-focused-6",
                    "formControl": "MuiInputLabel-formControl-10",
                    "marginDense": "MuiInputLabel-marginDense-11",
                    "outlined": "MuiInputLabel-outlined-15",
                    "required": "MuiInputLabel-required-9",
                    "root": "MuiInputLabel-root-5",
                    "shrink": "MuiInputLabel-shrink-12",
                  }
                }
              >
                <InputLabel
                  classes={
                    Object {
                      "animated": "MuiInputLabel-animated-13",
                      "disabled": "MuiInputLabel-disabled-7",
                      "error": "MuiInputLabel-error-8",
                      "filled": "MuiInputLabel-filled-14",
                      "focused": "MuiInputLabel-focused-6",
                      "formControl": "MuiInputLabel-formControl-10",
                      "marginDense": "MuiInputLabel-marginDense-11",
                      "outlined": "MuiInputLabel-outlined-15",
                      "required": "MuiInputLabel-required-9",
                      "root": "MuiInputLabel-root-5",
                      "shrink": "MuiInputLabel-shrink-12",
                    }
                  }
                  disableAnimation={false}
                  muiFormControl={
                    Object {
                      "adornedStart": false,
                      "disabled": false,
                      "error": false,
                      "filled": false,
                      "focused": false,
                      "margin": "normal",
                      "onBlur": [Function],
                      "onEmpty": [Function],
                      "onFilled": [Function],
                      "onFocus": [Function],
                      "required": false,
                      "variant": "standard",
                    }
                  }
                >
                  <WithStyles(WithFormControlContext(FormLabel))
                    className="MuiInputLabel-root-5 MuiInputLabel-formControl-10 MuiInputLabel-animated-13"
                    classes={
                      Object {
                        "disabled": "MuiInputLabel-disabled-7",
                        "error": "MuiInputLabel-error-8",
                        "focused": "MuiInputLabel-focused-6",
                        "required": "MuiInputLabel-required-9",
                      }
                    }
                    data-shrink={false}
                  >
                    <WithFormControlContext(FormLabel)
                      className="MuiInputLabel-root-5 MuiInputLabel-formControl-10 MuiInputLabel-animated-13"
                      classes={
                        Object {
                          "asterisk": "MuiFormLabel-asterisk-22",
                          "disabled": "MuiFormLabel-disabled-18 MuiInputLabel-disabled-7",
                          "error": "MuiFormLabel-error-19 MuiInputLabel-error-8",
                          "filled": "MuiFormLabel-filled-20",
                          "focused": "MuiFormLabel-focused-17 MuiInputLabel-focused-6",
                          "required": "MuiFormLabel-required-21 MuiInputLabel-required-9",
                          "root": "MuiFormLabel-root-16",
                        }
                      }
                      data-shrink={false}
                    >
                      <FormLabel
                        className="MuiInputLabel-root-5 MuiInputLabel-formControl-10 MuiInputLabel-animated-13"
                        classes={
                          Object {
                            "asterisk": "MuiFormLabel-asterisk-22",
                            "disabled": "MuiFormLabel-disabled-18 MuiInputLabel-disabled-7",
                            "error": "MuiFormLabel-error-19 MuiInputLabel-error-8",
                            "filled": "MuiFormLabel-filled-20",
                            "focused": "MuiFormLabel-focused-17 MuiInputLabel-focused-6",
                            "required": "MuiFormLabel-required-21 MuiInputLabel-required-9",
                            "root": "MuiFormLabel-root-16",
                          }
                        }
                        component="label"
                        data-shrink={false}
                        muiFormControl={
                          Object {
                            "adornedStart": false,
                            "disabled": false,
                            "error": false,
                            "filled": false,
                            "focused": false,
                            "margin": "normal",
                            "onBlur": [Function],
                            "onEmpty": [Function],
                            "onFilled": [Function],
                            "onFocus": [Function],
                            "required": false,
                            "variant": "standard",
                          }
                        }
                      >
                        <label
                          className="MuiFormLabel-root-16 MuiInputLabel-root-5 MuiInputLabel-formControl-10 MuiInputLabel-animated-13"
                          data-shrink={false}
                        >
                          Email
                        </label>
                      </FormLabel>
                    </WithFormControlContext(FormLabel)>
                  </WithStyles(WithFormControlContext(FormLabel))>
                </InputLabel>
              </WithFormControlContext(InputLabel)>
            </WithStyles(WithFormControlContext(InputLabel))>
            <WithStyles(Input)
              fullWidth={true}
              name="email"
              onBlur={[Function]}
              onChange={[Function]}
              type="email"
              value=""
            >
              <Input
                classes={
                  Object {
                    "disabled": "MuiInput-disabled-26",
                    "error": "MuiInput-error-28",
                    "focused": "MuiInput-focused-25",
                    "formControl": "MuiInput-formControl-24",
                    "fullWidth": "MuiInput-fullWidth-30",
                    "input": "MuiInput-input-31",
                    "inputMarginDense": "MuiInput-inputMarginDense-32",
                    "inputMultiline": "MuiInput-inputMultiline-33",
                    "inputType": "MuiInput-inputType-34",
                    "inputTypeSearch": "MuiInput-inputTypeSearch-35",
                    "multiline": "MuiInput-multiline-29",
                    "root": "MuiInput-root-23",
                    "underline": "MuiInput-underline-27",
                  }
                }
                fullWidth={true}
                name="email"
                onBlur={[Function]}
                onChange={[Function]}
                type="email"
                value=""
              >
                <WithStyles(WithFormControlContext(InputBase))
                  classes={
                    Object {
                      "disabled": "MuiInput-disabled-26",
                      "error": "MuiInput-error-28",
                      "focused": "MuiInput-focused-25",
                      "formControl": "MuiInput-formControl-24",
                      "fullWidth": "MuiInput-fullWidth-30",
                      "input": "MuiInput-input-31",
                      "inputMarginDense": "MuiInput-inputMarginDense-32",
                      "inputMultiline": "MuiInput-inputMultiline-33",
                      "inputType": "MuiInput-inputType-34",
                      "inputTypeSearch": "MuiInput-inputTypeSearch-35",
                      "multiline": "MuiInput-multiline-29",
                      "root": "MuiInput-root-23 MuiInput-underline-27",
                      "underline": null,
                    }
                  }
                  fullWidth={true}
                  inputComponent="input"
                  multiline={false}
                  name="email"
                  onBlur={[Function]}
                  onChange={[Function]}
                  type="email"
                  value=""
                >
                  <WithFormControlContext(InputBase)
                    classes={
                      Object {
                        "adornedEnd": "MuiInputBase-adornedEnd-41",
                        "adornedStart": "MuiInputBase-adornedStart-40",
                        "disabled": "MuiInputBase-disabled-39 MuiInput-disabled-26",
                        "error": "MuiInputBase-error-42 MuiInput-error-28",
                        "focused": "MuiInputBase-focused-38 MuiInput-focused-25",
                        "formControl": "MuiInputBase-formControl-37 MuiInput-formControl-24",
                        "fullWidth": "MuiInputBase-fullWidth-45 MuiInput-fullWidth-30",
                        "input": "MuiInputBase-input-46 MuiInput-input-31",
                        "inputAdornedEnd": "MuiInputBase-inputAdornedEnd-52",
                        "inputAdornedStart": "MuiInputBase-inputAdornedStart-51",
                        "inputMarginDense": "MuiInputBase-inputMarginDense-47 MuiInput-inputMarginDense-32",
                        "inputMultiline": "MuiInputBase-inputMultiline-48 MuiInput-inputMultiline-33",
                        "inputType": "MuiInputBase-inputType-49 MuiInput-inputType-34",
                        "inputTypeSearch": "MuiInputBase-inputTypeSearch-50 MuiInput-inputTypeSearch-35",
                        "marginDense": "MuiInputBase-marginDense-43",
                        "multiline": "MuiInputBase-multiline-44 MuiInput-multiline-29",
                        "root": "MuiInputBase-root-36 MuiInput-root-23 MuiInput-underline-27",
                      }
                    }
                    fullWidth={true}
                    inputComponent="input"
                    multiline={false}
                    name="email"
                    onBlur={[Function]}
                    onChange={[Function]}
                    type="email"
                    value=""
                  >
                    <InputBase
                      classes={
                        Object {
                          "adornedEnd": "MuiInputBase-adornedEnd-41",
                          "adornedStart": "MuiInputBase-adornedStart-40",
                          "disabled": "MuiInputBase-disabled-39 MuiInput-disabled-26",
                          "error": "MuiInputBase-error-42 MuiInput-error-28",
                          "focused": "MuiInputBase-focused-38 MuiInput-focused-25",
                          "formControl": "MuiInputBase-formControl-37 MuiInput-formControl-24",
                          "fullWidth": "MuiInputBase-fullWidth-45 MuiInput-fullWidth-30",
                          "input": "MuiInputBase-input-46 MuiInput-input-31",
                          "inputAdornedEnd": "MuiInputBase-inputAdornedEnd-52",
                          "inputAdornedStart": "MuiInputBase-inputAdornedStart-51",
                          "inputMarginDense": "MuiInputBase-inputMarginDense-47 MuiInput-inputMarginDense-32",
                          "inputMultiline": "MuiInputBase-inputMultiline-48 MuiInput-inputMultiline-33",
                          "inputType": "MuiInputBase-inputType-49 MuiInput-inputType-34",
                          "inputTypeSearch": "MuiInputBase-inputTypeSearch-50 MuiInput-inputTypeSearch-35",
                          "marginDense": "MuiInputBase-marginDense-43",
                          "multiline": "MuiInputBase-multiline-44 MuiInput-multiline-29",
                          "root": "MuiInputBase-root-36 MuiInput-root-23 MuiInput-underline-27",
                        }
                      }
                      fullWidth={true}
                      inputComponent="input"
                      muiFormControl={
                        Object {
                          "adornedStart": false,
                          "disabled": false,
                          "error": false,
                          "filled": false,
                          "focused": false,
                          "margin": "normal",
                          "onBlur": [Function],
                          "onEmpty": [Function],
                          "onFilled": [Function],
                          "onFocus": [Function],
                          "required": false,
                          "variant": "standard",
                        }
                      }
                      multiline={false}
                      name="email"
                      onBlur={[Function]}
                      onChange={[Function]}
                      type="email"
                      value=""
                    >
                      <div
                        className="MuiInputBase-root-36 MuiInput-root-23 MuiInput-underline-27 MuiInputBase-fullWidth-45 MuiInput-fullWidth-30 MuiInputBase-formControl-37 MuiInput-formControl-24"
                        onClick={[Function]}
                      >
                        <input
                          aria-invalid={false}
                          className="MuiInputBase-input-46 MuiInput-input-31 MuiInputBase-inputType-49 MuiInput-inputType-34"
                          disabled={false}
                          name="email"
                          onBlur={[Function]}
                          onChange={[Function]}
                          onFocus={[Function]}
                          required={false}
                          type="email"
                          value=""
                        />
                      </div>
                    </InputBase>
                  </WithFormControlContext(InputBase)>
                </WithStyles(WithFormControlContext(InputBase))>
              </Input>
            </WithStyles(Input)>
          </div>
        </FormControl>
      </WithStyles(FormControl)>
    </TextField>
    <WithStyles(SubmitButton)>
      <SubmitButton
        classes={
          Object {
            "progress": "SubmitButton-progress-54",
            "root": "SubmitButton-root-53",
            "submitInDialog": "SubmitButton-submitInDialog-55",
            "submitInPage": "SubmitButton-submitInPage-56",
          }
        }
      >
        <div
          className="SubmitButton-root-53 SubmitButton-submitInPage-56"
        >
          <WithStyles(Button)
            color="primary"
            disabled={false}
            type="submit"
            variant="contained"
          >
            <Button
              classes={
                Object {
                  "colorInherit": "MuiButton-colorInherit-78",
                  "contained": "MuiButton-contained-68",
                  "containedPrimary": "MuiButton-containedPrimary-69",
                  "containedSecondary": "MuiButton-containedSecondary-70",
                  "disabled": "MuiButton-disabled-77",
                  "extendedFab": "MuiButton-extendedFab-75",
                  "fab": "MuiButton-fab-74",
                  "flat": "MuiButton-flat-62",
                  "flatPrimary": "MuiButton-flatPrimary-63",
                  "flatSecondary": "MuiButton-flatSecondary-64",
                  "focusVisible": "MuiButton-focusVisible-76",
                  "fullWidth": "MuiButton-fullWidth-82",
                  "label": "MuiButton-label-58",
                  "mini": "MuiButton-mini-79",
                  "outlined": "MuiButton-outlined-65",
                  "outlinedPrimary": "MuiButton-outlinedPrimary-66",
                  "outlinedSecondary": "MuiButton-outlinedSecondary-67",
                  "raised": "MuiButton-raised-71",
                  "raisedPrimary": "MuiButton-raisedPrimary-72",
                  "raisedSecondary": "MuiButton-raisedSecondary-73",
                  "root": "MuiButton-root-57",
                  "sizeLarge": "MuiButton-sizeLarge-81",
                  "sizeSmall": "MuiButton-sizeSmall-80",
                  "text": "MuiButton-text-59",
                  "textPrimary": "MuiButton-textPrimary-60",
                  "textSecondary": "MuiButton-textSecondary-61",
                }
              }
              color="primary"
              component="button"
              disableFocusRipple={false}
              disabled={false}
              fullWidth={false}
              mini={false}
              size="medium"
              type="submit"
              variant="contained"
            >
              <WithStyles(ButtonBase)
                className="MuiButton-root-57 MuiButton-contained-68 MuiButton-containedPrimary-69 MuiButton-raised-71 MuiButton-raisedPrimary-72"
                component="button"
                disabled={false}
                focusRipple={true}
                focusVisibleClassName="MuiButton-focusVisible-76"
                type="submit"
              >
                <ButtonBase
                  centerRipple={false}
                  className="MuiButton-root-57 MuiButton-contained-68 MuiButton-containedPrimary-69 MuiButton-raised-71 MuiButton-raisedPrimary-72"
                  classes={
                    Object {
                      "disabled": "MuiButtonBase-disabled-84",
                      "focusVisible": "MuiButtonBase-focusVisible-85",
                      "root": "MuiButtonBase-root-83",
                    }
                  }
                  component="button"
                  disableRipple={false}
                  disableTouchRipple={false}
                  disabled={false}
                  focusRipple={true}
                  focusVisibleClassName="MuiButton-focusVisible-76"
                  tabIndex="0"
                  type="submit"
                >
                  <button
                    className="MuiButtonBase-root-83 MuiButton-root-57 MuiButton-contained-68 MuiButton-containedPrimary-69 MuiButton-raised-71 MuiButton-raisedPrimary-72"
                    disabled={false}
                    onBlur={[Function]}
                    onContextMenu={[Function]}
                    onFocus={[Function]}
                    onKeyDown={[Function]}
                    onKeyUp={[Function]}
                    onMouseDown={[Function]}
                    onMouseLeave={[Function]}
                    onMouseUp={[Function]}
                    onTouchEnd={[Function]}
                    onTouchMove={[Function]}
                    onTouchStart={[Function]}
                    tabIndex="0"
                    type="submit"
                  >
                    <span
                      className="MuiButton-label-58"
                    >
                      Reset Password
                    </span>
                    <NoSsr
                      defer={false}
                      fallback={null}
                    >
                      <WithStyles(TouchRipple)
                        center={false}
                        innerRef={[Function]}
                      >
                        <TouchRipple
                          center={false}
                          classes={
                            Object {
                              "child": "MuiTouchRipple-child-90",
                              "childLeaving": "MuiTouchRipple-childLeaving-91",
                              "childPulsate": "MuiTouchRipple-childPulsate-92",
                              "ripple": "MuiTouchRipple-ripple-87",
                              "ripplePulsate": "MuiTouchRipple-ripplePulsate-89",
                              "rippleVisible": "MuiTouchRipple-rippleVisible-88",
                              "root": "MuiTouchRipple-root-86",
                            }
                          }
                        >
                          <TransitionGroup
                            childFactory={[Function]}
                            className="MuiTouchRipple-root-86"
                            component="span"
                            enter={true}
                            exit={true}
                          >
                            <span
                              className="MuiTouchRipple-root-86"
                            />
                          </TransitionGroup>
                        </TouchRipple>
                      </WithStyles(TouchRipple)>
                    </NoSsr>
                  </button>
                </ButtonBase>
              </WithStyles(ButtonBase)>
            </Button>
          </WithStyles(Button)>
        </div>
      </SubmitButton>
    </WithStyles(SubmitButton)>
  </form>
</ResetPasswordForm>
`;
